  error - lib\data\services\django_api_service.dart:27:7 - The method 'InterceptorWrapper' isn't defined for the type 'DjangoApiService'. Try correcting the name to the name of an existing method, or defining a method named 'InterceptorWrapper'. - undefined_method
  error - lib\main.dart:11:8 - Target of URI doesn't exist: 'logic/authentication/auth_bloc.dart'. Try creating the file referenced by the URI, or try using a URI for a file that does exist. - uri_does_not_exist
  error - lib\main.dart:12:8 - Target of URI doesn't exist: 'presentation/router/app_router.dart'. Try creating the file referenced by the URI, or try using a URI for a file that does exist. - uri_does_not_exist
  error - lib\main.dart:48:30 - The method 'AuthBloc' isn't defined for the type 'MakePlusApp'. Try correcting the name to the name of an existing method, or defining a method named 'AuthBloc'. - undefined_method
  error - lib\main.dart:50:16 - The method 'AuthCheckRequested' isn't defined for the type 'MakePlusApp'. Try correcting the name to the name of an existing method, or defining a method named 'AuthCheckRequested'. - undefined_method
  error - lib\main.dart:58:28 - Undefined name 'AppRouter'. Try correcting the name to one that is defined, or defining the name. - undefined_identifier
  error - lib\presentation\screens\auth\login_screen.dart:32:20 - The name 'AuthBloc' isn't a type, so it can't be used as a type argument. Try correcting the name to an existing type, or defining a type named 'AuthBloc'. - non_type_as_type_argument
  error - lib\presentation\screens\auth\login_screen.dart:33:13 - The method 'AuthLoginRequested' isn't defined for the type '_LoginScreenState'. Try correcting the name to the name of an existing method, or defining a method named 'AuthLoginRequested'. - undefined_method
  error - lib\presentation\screens\auth\login_screen.dart:44:26 - The name 'AuthBloc' isn't a type, so it can't be used as a type argument. Try correcting the name to an existing type, or defining a type named 'AuthBloc'. - non_type_as_type_argument
  error - lib\presentation\screens\auth\login_screen.dart:46:21 - The getter 'status' isn't defined for the type 'AuthState'. Try importing the library that defines 'status', correcting the name to the name of an existing getter, or defining a getter or field named 'status'. - undefined_getter
  error - lib\presentation\screens\auth\login_screen.dart:46:31 - Undefined name 'AuthStatus'. Try correcting the name to one that is defined, or defining the name. - undefined_identifier
  error - lib\presentation\screens\auth\login_screen.dart:49:48 - The getter 'role' isn't defined for the type 'AuthState'. Try importing the library that defines 'role', correcting the name to the name of an existing getter, or defining a getter or field named 'role'. - undefined_getter
  error - lib\presentation\screens\auth\login_screen.dart:51:28 - The getter 'status' isn't defined for the type 'AuthState'. Try importing the library that defines 'status', correcting the name to the name of an existing getter, or defining a getter or field named 'status'. - undefined_getter
  error - lib\presentation\screens\auth\login_screen.dart:51:38 - Undefined name 'AuthStatus'. Try correcting the name to one that is defined, or defining the name. - undefined_identifier
  error - lib\presentation\screens\auth\login_screen.dart:54:37 - The getter 'errorMessage' isn't defined for the type 'AuthState'. Try importing the library that defines 'errorMessage', correcting the name to the name of an existing getter, or defining a getter or field named 'errorMessage'. - undefined_getter
  error - lib\presentation\screens\auth\login_screen.dart:182:44 - The getter 'status' isn't defined for the type 'AuthState'. Try importing the library that defines 'status', correcting the name to the name of an existing getter, or defining a getter or field named 'status'. - undefined_getter
  error - lib\presentation\screens\auth\login_screen.dart:182:54 - Undefined name 'AuthStatus'. Try correcting the name to one that is defined, or defining the name. - undefined_identifier
  error - lib\presentation\screens\auth\login_screen.dart:185:40 - The getter 'status' isn't defined for the type 'AuthState'. Try importing the library that defines 'status', correcting the name to the name of an existing getter, or defining a getter or field named 'status'. - undefined_getter
  error - lib\presentation\screens\auth\login_screen.dart:185:50 - Undefined name 'AuthStatus'. Try correcting the name to one that is defined, or defining the name. - undefined_identifier
  error - lib\presentation\screens\organizer\room_management\rooms_list_screen.dart:6:8 - Target of URI doesn't exist: '../../../../logic/organizer/room_management/room_bloc.dart'. Try creating the file referenced by the URI, or try using a URI for a file that does exist. - uri_does_not_exist
  error - lib\presentation\screens\organizer\room_management\rooms_list_screen.dart:7:8 - Target of URI doesn't exist: '../../../../logic/organizer/room_management/room_event.dart'. Try creating the file referenced by the URI, or try using a URI for a file that does exist. - uri_does_not_exist
  error - lib\presentation\screens\organizer\room_management\rooms_list_screen.dart:8:8 - Target of URI doesn't exist: '../../../../logic/organizer/room_management/room_state.dart'. Try creating the file referenced by the URI, or try using a URI for a file that does exist. - uri_does_not_exist
  error - lib\presentation\screens\organizer\room_management\rooms_list_screen.dart:27:18 - The name 'RoomBloc' isn't a type, so it can't be used as a type argument. Try correcting the name to an existing type, or defining a type named 'RoomBloc'. - non_type_as_type_argument
  error - lib\presentation\screens\organizer\room_management\rooms_list_screen.dart:27:40 - The name 'RoomsFetchRequested' isn't a class. Try correcting the name to match an existing class. - creation_with_non_type
  error - lib\presentation\screens\organizer\room_management\rooms_list_screen.dart:49:28 - The name 'RoomBloc' isn't a type, so it can't be used as a type argument. Try correcting the name to an existing type, or defining a type named 'RoomBloc'. - non_type_as_type_argument
  error - lib\presentation\screens\organizer\room_management\rooms_list_screen.dart:49:50 - The name 'RoomsFetchRequested' isn't a class. Try correcting the name to match an existing class. - creation_with_non_type
  error - lib\presentation\screens\organizer\room_management\rooms_list_screen.dart:54:26 - The name 'RoomBloc' isn't a type, so it can't be used as a type argument. Try correcting the name to an existing type, or defining a type named 'RoomBloc'. - non_type_as_type_argument
  error - lib\presentation\screens\organizer\room_management\rooms_list_screen.dart:54:36 - The name 'RoomState' isn't a type, so it can't be used as a type argument. Try correcting the name to an existing type, or defining a type named 'RoomState'. - non_type_as_type_argument
  error - lib\presentation\screens\organizer\room_management\rooms_list_screen.dart:56:21 - The property 'status' can't be unconditionally accessed because the receiver can be 'null'. Try making the access conditional (using '?.') or adding a null check to the target ('!'). - unchecked_use_of_nullable_value
  error - lib\presentation\screens\organizer\room_management\rooms_list_screen.dart:56:31 - Undefined name 'RoomStatus'. Try correcting the name to one that is defined, or defining the name. - undefined_identifier
  error - lib\presentation\screens\organizer\room_management\rooms_list_screen.dart:59:37 - The property 'errorMessage' can't be unconditionally accessed because the receiver can be 'null'. Try making the access conditional (using '?.') or adding a null check to the target ('!'). - unchecked_use_of_nullable_value
  error - lib\presentation\screens\organizer\room_management\rooms_list_screen.dart:63:28 - The property 'status' can't be unconditionally accessed because the receiver can be 'null'. Try making the access conditional (using '?.') or adding a null check to the target ('!'). - unchecked_use_of_nullable_value
  error - lib\presentation\screens\organizer\room_management\rooms_list_screen.dart:63:38 - Undefined name 'RoomStatus'. Try correcting the name to one that is defined, or defining the name. - undefined_identifier
  error - lib\presentation\screens\organizer\room_management\rooms_list_screen.dart:70:28 - The property 'status' can't be unconditionally accessed because the receiver can be 'null'. Try making the access conditional (using '?.') or adding a null check to the target ('!'). - unchecked_use_of_nullable_value
  error - lib\presentation\screens\organizer\room_management\rooms_list_screen.dart:70:38 - Undefined name 'RoomStatus'. Try correcting the name to one that is defined, or defining the name. - undefined_identifier
  error - lib\presentation\screens\organizer\room_management\rooms_list_screen.dart:80:21 - The property 'status' can't be unconditionally accessed because the receiver can be 'null'. Try making the access conditional (using '?.') or adding a null check to the target ('!'). - unchecked_use_of_nullable_value
  error - lib\presentation\screens\organizer\room_management\rooms_list_screen.dart:80:31 - Undefined name 'RoomStatus'. Try correcting the name to one that is defined, or defining the name. - undefined_identifier
  error - lib\presentation\screens\organizer\room_management\rooms_list_screen.dart:80:59 - The property 'rooms' can't be unconditionally accessed because the receiver can be 'null'. Try making the access conditional (using '?.') or adding a null check to the target ('!'). - unchecked_use_of_nullable_value
  error - lib\presentation\screens\organizer\room_management\rooms_list_screen.dart:84:21 - The property 'rooms' can't be unconditionally accessed because the receiver can be 'null'. Try making the access conditional (using '?.') or adding a null check to the target ('!'). - unchecked_use_of_nullable_value
  error - lib\presentation\screens\organizer\room_management\rooms_list_screen.dart:91:38 - The property 'rooms' can't be unconditionally accessed because the receiver can be 'null'. Try making the access conditional (using '?.') or adding a null check to the target ('!'). - unchecked_use_of_nullable_value
  error - lib\presentation\screens\organizer\room_management\rooms_list_screen.dart:97:34 - The name 'RoomBloc' isn't a type, so it can't be used as a type argument. Try correcting the name to an existing type, or defining a type named 'RoomBloc'. - non_type_as_type_argument
  error - lib\presentation\screens\organizer\room_management\rooms_list_screen.dart:97:56 - The name 'RoomsFetchRequested' isn't a class. Try correcting the name to match an existing class. - creation_with_non_type
  error - lib\presentation\screens\organizer\room_management\rooms_list_screen.dart:101:56 - The property 'rooms' can't be unconditionally accessed because the receiver can be 'null'. Try making the access conditional (using '?.') or adding a null check to the target ('!'). - unchecked_use_of_nullable_value
  error - lib\presentation\screens\organizer\room_management\rooms_list_screen.dart:103:60 - The property 'rooms' can't be unconditionally accessed because the receiver can be 'null'. Try making the access conditional (using '?.') or adding a null check to the target ('!'). - unchecked_use_of_nullable_value
  error - lib\presentation\screens\organizer\room_management\rooms_list_screen.dart:410:28 - The name 'RoomBloc' isn't a type, so it can't be used as a type argument. Try correcting the name to an existing type, or defining a type named 'RoomBloc'. - non_type_as_type_argument
  error - lib\presentation\screens\organizer\room_management\rooms_list_screen.dart:410:44 - The method 'RoomDeleteRequested' isn't defined for the type '_RoomsListScreenState'. Try correcting the name to the name of an existing method, or defining a method named 'RoomDeleteRequested'. - undefined_method
  error - lib\presentation\screens\participant\qr_badge\my_badge_screen.dart:6:8 - Target of URI doesn't exist: '../../../../logic/authentication/auth_bloc.dart'. Try creating the file referenced by the URI, or try using a URI for a file that does exist. - uri_does_not_exist
  error - lib\presentation\screens\participant\qr_badge\my_badge_screen.dart:7:8 - Target of URI doesn't exist: '../../../../logic/authentication/auth_state.dart'. Try creating the file referenced by the URI, or try using a URI for a file that does exist. - uri_does_not_exist
  error - lib\presentation\screens\participant\qr_badge\my_badge_screen.dart:38:25 - The name 'AuthBloc' isn't a type, so it can't be used as a type argument. Try correcting the name to an existing type, or defining a type named 'AuthBloc'. - non_type_as_type_argument
  error - lib\presentation\screens\participant\qr_badge\my_badge_screen.dart:38:35 - The name 'AuthState' isn't a type, so it can't be used as a type argument. Try correcting the name to an existing type, or defining a type named 'AuthState'. - non_type_as_type_argument
  error - lib\presentation\screens\participant\qr_badge\my_badge_screen.dart:40:21 - The property 'user' can't be unconditionally accessed because the receiver can be 'null'. Try making the access conditional (using '?.') or adding a null check to the target ('!'). - unchecked_use_of_nullable_value
  error - lib\presentation\screens\participant\qr_badge\my_badge_screen.dart:46:30 - The property 'user' can't be unconditionally accessed because the receiver can be 'null'. Try making the access conditional (using '?.') or adding a null check to the target ('!'). - unchecked_use_of_nullable_value
  error - lib\presentation\screens\splash\splash_screen.dart:58:25 - The name 'AuthBloc' isn't a type, so it can't be used as a type argument. Try correcting the name to an existing type, or defining a type named 'AuthBloc'. - non_type_as_type_argument
  error - lib\presentation\screens\splash\splash_screen.dart:58:35 - The name 'AuthState' isn't a type, so it can't be used as a type argument. Try correcting the name to an existing type, or defining a type named 'AuthState'. - non_type_as_type_argument
  error - lib\presentation\screens\splash\splash_screen.dart:60:19 - The property 'status' can't be unconditionally accessed because the receiver can be 'null'. Try making the access conditional (using '?.') or adding a null check to the target ('!'). - unchecked_use_of_nullable_value
  error - lib\presentation\screens\splash\splash_screen.dart:60:29 - Undefined name 'AuthStatus'. Try correcting the name to one that is defined, or defining the name. - undefined_identifier
  error - lib\presentation\screens\splash\splash_screen.dart:65:17 - Undefined name 'AppRouter'. Try correcting the name to one that is defined, or defining the name. - undefined_identifier
  error - lib\presentation\screens\splash\splash_screen.dart:65:50 - The property 'role' can't be unconditionally accessed because the receiver can be 'null'. Try making the access conditional (using '?.') or adding a null check to the target ('!'). - unchecked_use_of_nullable_value
  error - lib\presentation\screens\splash\splash_screen.dart:69:26 - The property 'status' can't be unconditionally accessed because the receiver can be 'null'. Try making the access conditional (using '?.') or adding a null check to the target ('!'). - unchecked_use_of_nullable_value
  error - lib\presentation\screens\splash\splash_screen.dart:69:36 - Undefined name 'AuthStatus'. Try correcting the name to one that is defined, or defining the name. - undefined_identifier
  error - lib\presentation\screens\splash\splash_screen.dart:73:58 - Undefined name 'AppRouter'. Try correcting the name to one that is defined, or defining the name. - undefined_identifier
  error - lib\presentation\widgets\qr\qr_scanner_widget.dart:4:8 - Target of URI doesn't exist: 'package:qr_code_scanner/qr_code_scanner.dart'. Try creating the file referenced by the URI, or try using a URI for a file that does exist. - uri_does_not_exist
  error - lib\presentation\widgets\qr\qr_scanner_widget.dart:25:3 - Undefined class 'QRViewController'. Try changing the name to the name of an existing class, or creating a class with the name 'QRViewController'. - undefined_class
  error - lib\presentation\widgets\qr\qr_scanner_widget.dart:43:25 - Undefined class 'QRViewController'. Try changing the name to the name of an existing class, or creating a class with the name 'QRViewController'. - undefined_class
  error - lib\presentation\widgets\qr\qr_scanner_widget.dart:71:9 - The method 'QRView' isn't defined for the type '_QRScannerWidgetState'. Try correcting the name to the name of an existing method, or defining a method named 'QRView'. - undefined_method
  error - lib\presentation\widgets\qr\qr_scanner_widget.dart:74:20 - The method 'QrScannerOverlayShape' isn't defined for the type '_QRScannerWidgetState'. Try correcting the name to the name of an existing method, or defining a method named 'QrScannerOverlayShape'. - undefined_method
  error - lib\routes\app_router.dart:4:8 - Target of URI doesn't exist: '../screens/auth/login_screen.dart'. Try creating the file referenced by the URI, or try using a URI for a file that does exist. - uri_does_not_exist
  error - lib\routes\app_router.dart:5:8 - Target of URI doesn't exist: '../screens/splash/splash_screen.dart'. Try creating the file referenced by the URI, or try using a URI for a file that does exist. - uri_does_not_exist
  error - lib\routes\app_router.dart:6:8 - Target of URI doesn't exist: '../screens/organizer/organizer_home_screen.dart'. Try creating the file referenced by the URI, or try using a URI for a file that does exist. - uri_does_not_exist
  error - lib\routes\app_router.dart:7:8 - Target of URI doesn't exist: '../screens/organizer/room_management/rooms_list_screen.dart'. Try creating the file referenced by the URI, or try using a URI for a file that does exist. - uri_does_not_exist
  error - lib\routes\app_router.dart:8:8 - Target of URI doesn't exist: '../screens/organizer/room_management/room_detail_screen.dart'. Try creating the file referenced by the URI, or try using a URI for a file that does exist. - uri_does_not_exist
  error - lib\routes\app_router.dart:9:8 - Target of URI doesn't exist: '../screens/shared/permission_denied_screen.dart'. Try creating the file referenced by the URI, or try using a URI for a file that does exist. - uri_does_not_exist
  error - lib\routes\app_router.dart:69:56 - The name 'SplashScreen' isn't a class. Try correcting the name to match an existing class. - creation_with_non_type
  error - lib\routes\app_router.dart:72:56 - The name 'LoginScreen' isn't a class. Try correcting the name to match an existing class. - creation_with_non_type
  error - lib\routes\app_router.dart:76:56 - The name 'OrganizerHomeScreen' isn't a class. Try correcting the name to match an existing class. - creation_with_non_type
  error - lib\routes\app_router.dart:79:56 - The name 'RoomsListScreen' isn't a class. Try correcting the name to match an existing class. - creation_with_non_type
  error - lib\routes\app_router.dart:84:27 - The method 'RoomDetailScreen' isn't defined for the type 'AppRouter'. Try correcting the name to the name of an existing method, or defining a method named 'RoomDetailScreen'. - undefined_method
  error - lib\routes\app_router.dart:89:56 - The name 'PermissionDeniedScreen' isn't a class. Try correcting the name to match an existing class. - creation_with_non_type
  error - test\widget_test.dart:16:35 - The name 'MyApp' isn't a class. Try correcting the name to match an existing class. - creation_with_non_type
